// Jest Snapshot v1, https://goo.gl/fbAQLP

exports[`TodoFilter should render correctly 1`] = `
<x-tabs
  centered={null}
  style={Object {}}
>
  <withRouter(Connect(TodoFilterLink))
    filter="All"
  >
    All
  </withRouter(Connect(TodoFilterLink))>
  <withRouter(Connect(TodoFilterLink))
    filter="active"
  >
    Active
  </withRouter(Connect(TodoFilterLink))>
  <withRouter(Connect(TodoFilterLink))
    filter="completed"
  >
    Completed
  </withRouter(Connect(TodoFilterLink))>
</x-tabs>
`;
