// Jest Snapshot v1, https://goo.gl/fbAQLP

exports[`component <Header /> should render correctly 1`] = `
<x-tabs
  centered={null}
  style={Object {}}
>
  <_default
    to={
      Array [
        Object {
          "to": "/",
        },
        Object {
          "default": true,
          "to": "/box",
        },
      ]
    }
  >
    <XTab
      active={false}
    >
      Box
    </XTab>
  </_default>
  <_default
    to="/sphere"
  >
    <XTab
      active={false}
    >
      Sphere
    </XTab>
  </_default>
</x-tabs>
`;
