// Jest Snapshot v1, https://goo.gl/fbAQLP

exports[`component <App /> should render correctly 1`] = `
<div
  style={
    Object {
      "height": "100%",
      "width": "100%",
    }
  }
>
  <div
    style={
      Object {
        "margin": "5px",
      }
    }
  >
    <Header
      centered={true}
    />
  </div>
  <World
    style={
      Object {
        "container": Object {
          "height": "calc(100% - 33px)",
          "width": "100%",
        },
      }
    }
  />
</div>
`;
